Julia Scarlett Elizabeth
Louis-Dreyfus
January 13, 1961
(Gmail) something@email.com
(Office) 310-291-7482
--------------------
Martin
Van Nostrand
July 24, 1949
(Yahoo) myemail@yahoo.com
(Home) 224-432-5809
--------------------
Truman
Burbank
January 17, 1962
(Official) document@info.edu
(Work) 213-517-9989
--------------------
